../Core/Src/main.c:83:10:maping	32	static
../Core/Src/main.c:93:6:checkingSetTemperature	16	static
../Core/Src/main.c:124:6:calcPID	24	static
../Core/Src/main.c:148:5:main	8	static
../Core/Src/main.c:221:6:SystemClock_Config	88	static
../Core/Src/main.c:272:13:MX_I2C1_Init	8	static
../Core/Src/main.c:320:13:MX_TIM1_Init	112	static
../Core/Src/main.c:400:13:MX_TIM3_Init	40	static
../Core/Src/main.c:445:13:MX_USART3_UART_Init	8	static
../Core/Src/main.c:480:13:MX_USB_OTG_FS_PCD_Init	8	static
../Core/Src/main.c:515:13:MX_GPIO_Init	56	static
../Core/Src/main.c:596:6:HAL_TIM_PeriodElapsedCallback	40	static
../Core/Src/main.c:641:6:Error_Handler	4	static,ignoring_inline_asm
