../Core/Src/main.c:111:6:calcPID	24	static
../Core/Src/main.c:135:5:main	8	static
../Core/Src/main.c:207:6:SystemClock_Config	88	static
../Core/Src/main.c:258:13:MX_I2C1_Init	8	static
../Core/Src/main.c:306:13:MX_TIM1_Init	112	static
../Core/Src/main.c:386:13:MX_TIM3_Init	40	static
../Core/Src/main.c:431:13:MX_USART3_UART_Init	8	static
../Core/Src/main.c:466:13:MX_USB_OTG_FS_PCD_Init	8	static
../Core/Src/main.c:501:13:MX_GPIO_Init	56	static
../Core/Src/main.c:582:6:HAL_UART_RxCpltCallback	16	static
../Core/Src/main.c:594:6:HAL_TIM_PeriodElapsedCallback	48	static
../Core/Src/main.c:647:6:Error_Handler	4	static,ignoring_inline_asm
